
> 30-frontend@1.0.0 build
> vite build

[36mvite v5.4.21 [32mbuilding for production...[36m[39m
transforming...
[32mΓ£ô[39m 39 modules transformed.
node.exe : [31mx[39m 
Build failed in 501ms
At line:1 char:1
+ & "C:\Program 
Files\nodejs/node.exe" "C:
\Users\heman\AppData\Roami
ng\ ...
+ ~~~~~~~~~~~~~~~~~~~~~~~~
~~~~~~~~~~~~~~~~~~~~~~~~~~
~~~~~~~~~~~~~~~~~~~
    + CategoryInfo        
      : NotSpecified: 
([31mx    [39m Build 
failed in 501    
ms:String) [], RemoteExc  
  eption
    + 
FullyQualifiedErrorId     
: NativeCommandError
 
[31merror during build:
[31mCould not resolve "..
/components/MonthSelect" 
from "src/pages/Calendar.j
sx"[31m
file: [36mC:/Users/heman/
OneDrive/Desktop/todo-pro/
frontend/src/pages/Calenda
r.jsx[31m
    at getRollupError (fil
e:///C:/Users/heman/OneDri
ve/Desktop/todo-pro/fronte
nd/node_modules/rollup/dis
t/es/shared/parseAst.js:40
6:41)
    at error (file:///C:/U
sers/heman/OneDrive/Deskto
p/todo-pro/frontend/node_m
odules/rollup/dist/es/shar
ed/parseAst.js:402:42)
    at ModuleLoader.handle
InvalidResolvedId (file://
/C:/Users/heman/OneDrive/D
esktop/todo-pro/frontend/n
ode_modules/rollup/dist/es
/shared/node-entry.js:2176
5:24)
    at file:///C:/Users/he
man/OneDrive/Desktop/todo-
pro/frontend/node_modules/
rollup/dist/es/shared/node
-entry.js:21725:26[39m
